# - Section name
# |                                                                                                   - Attribute
# |                  - Group name                                                                     |
# |                  |                                                                                |     - Strobe generation
# |                  |                    - Register name                                             |     |
# |                  |                    |                                                           |     |  - Unused
# |                  |                    |                    - Multiple number                      |     |  |
# |                  |                    |                    |                                      |     |  |  - Reset value
# |                  |                    |                    |     - Field name         - MSB - LSB |     |  |  |
# |                  |                    |                    |     |                    |     |     |     |  |  |        -- Static/Constrain
# |                  |                    |                    |     |                    |     |     |     |  |  |        |     -- Comment
# V                  V                    V                    V     V                    V     V     V     V  V  V        V     V

info                 no                   tag                  1     value                23    0     ro    n  f  58544d   s     tag value 

info                 no                   fid                  1     value                31    0     ro    n  f  0        s      

info                 no                   version              1     major                7     0     ro    n  f  0        s     major version 
info                 no                   version              1     minor                7     0     ro    n  f  9        s     minor version 
info                 no                   version              1     sub_minor            7     0     ro    n  f  0        s     sub minor version 

info                 no                   capability           1     value                7     0     ro    n  f  0        s      

info                 no                   scratchpad           1     value                31    0     rw    n  f  0        s      


fpga                 no                   version              1     firmware_type        7     0     ro    n  f  0        c     firmware type 
fpga                 no                   version              1     major                7     0     ro    n  f  1        c     major version 
fpga                 no                   version              1     minor                7     0     ro    n  f  1        c     minor version 
fpga                 no                   version              1     sub_minor            7     0     ro    n  f  1        c     sub minor version 

fpga                 no                   build_id             1     value                31    0     ro    n  f  0        c      

fpga                 no                   device               1     id                   7     0     ro    n  f  0        c     manufacturer fpga device id 

fpga                 no                   board_info           1     capability           3     0     ro    n  f  0        c     board capability 


interrupts           no                   ctrl                 1     num_irq              6     0     ro    n  f  1        c     number of irq 
interrupts           no                   ctrl                 1     global_mask          0     0     rw    n  f  1        s     global mask interrupt  

interrupts           no                   status               2     value                31    0     rwc   n  f  0        s      

interrupts           no                   enable               2     value                31    0     rw    n  f  0        s      

interrupts           no                   mask                 2     value                31    0     rw    n  f  0        s      


interrupt_queue      no                   control              1     nb_dw                7     0     ro    n  f  1        s     number of dwords 
interrupt_queue      no                   control              1     rsvd0                22    0     ro    n  f  x        s     reserved
interrupt_queue      no                   control              1     enable               0     0     rw    n  f  0        s     qinterrupt queue enable 

interrupt_queue      no                   cons_idx             1     cons_idx             9     0     rw    n  f  0        s      

interrupt_queue      no                   addr_low             1     addr                 31    12    rw    n  f  0        s      
interrupt_queue      no                   addr_low             1     addr                 11    0     ro    n  f  x        c     null 

interrupt_queue      no                   addr_high            1     addr                 31    0     rw    n  f  0        s      


tlp                  no                   timeout              1     value                31    0     rw    n  f  1dcd650  s     tlp timeout value 

tlp                  no                   transaction_abort_cntr1     clr                  0     0     wo    n  f  0        s     clear transaction abort counter value 
tlp                  no                   transaction_abort_cntr1     value                30    0     ro    n  f  0        c     counter value 


spi                  no                   spiregin             1     spi_old_enable       0     0     ro    n  f  0        s      
spi                  no                   spiregin             1     spi_enable           0     0     rw    n  f  0        s     spi enable 
spi                  no                   spiregin             1     rsvd0                0     0     ro    n  f  x        s     reserved
spi                  no                   spiregin             1     spirw                0     0     rw    n  f  0        s     spi  read write 
spi                  no                   spiregin             1     spicmddone           0     0     rw    n  f  0        s     spi  commad done 
spi                  no                   spiregin             1     rsvd1                1     0     ro    n  f  x        s     reserved
spi                  no                   spiregin             1     spisel               0     0     rw    n  f  0        s     spi active channel selection 
spi                  no                   spiregin             1     rsvd2                0     0     ro    n  f  x        s     reserved
spi                  no                   spiregin             1     spitxst              0     0     wo    n  f  0        s     spi spitxst transfer start 
spi                  no                   spiregin             1     rsvd3                7     0     ro    n  f  x        s     reserved
spi                  no                   spiregin             1     spidataw             7     0     rw    n  f  0        s     spi data  byte to write 
spi                  no                   dummy0               1     dummy0               0     0     du    n  f  x        s     reserved space 0

spi                  no                   spiregout            1     spi_wb_cap           0     0     ro    n  f  0        c     spi write burst capable 
spi                  no                   spiregout            1     spiwrtd              0     0     ro    n  f  0        c     spi write or read transfer done 
spi                  no                   spiregout            1     rsvd0                7     0     ro    n  f  x        s     reserved
spi                  no                   spiregout            1     spidatard            7     0     ro    n  f  0        c     spi data  read byte output  
spi                  no                   dummy1               1     dummy1               0     0     du    n  f  x        s     reserved space 1


axi_window           axi_window           ctrl                 4     enable               0     0     rw    n  f  0        s      

axi_window           axi_window           pci_bar0_start       4     value                25    2     rw    n  f  0        s      
axi_window           axi_window           pci_bar0_start       4     value                1     0     ro    n  f  x        c     null 

axi_window           axi_window           pci_bar0_stop        4     value                25    2     rw    n  f  0        s      
axi_window           axi_window           pci_bar0_stop        4     value                1     0     ro    n  f  x        c     null 

axi_window           axi_window           axi_translation      4     value                31    2     rw    n  f  0        s      
axi_window           axi_window           axi_translation      4     value                1     0     ro    n  f  x        c     null 


debug                no                   input                1     value                31    0     ro    n  f  0        c      

debug                no                   output               1     value                31    0     rw    n  f  0        s      


