# $HeadURL: svn://brainstorm/svn_ipcore/trunk/Matrox/Imaging/FDK/hw/cores/dmawr/snap/dmawr.snap $
# $Revision: 10174 $
# $Date: 2010-05-04 16:20:03 -0400 (Tue, 04 May 2010) $
# $Author: mpoirie1 $
#
# Snap file: DMA write
#
# This file lists information on a collection of files and directories 
# for use by various scripts. Type cosnap -snaphelp for more info.
#


#------------------------------------------------------------------------------------------------------------------------------------------------------------#
# Common FDK Components
#------------------------------------------------------------------------------------------------------------------------------------------------------------#
../../../fdk_common/snap/fdk_common.snap                                                 snap    common            


#------------------------------------------------------------------------------------------------------------------------------------------------------------#
# Register File
#------------------------------------------------------------------------------------------------------------------------------------------------------------#
../design/regfile/regfile_dmawr.vhd                                                      sim                    


#------------------------------------------------------------------------------------------------------------------------------------------------------------#
# Package
#------------------------------------------------------------------------------------------------------------------------------------------------------------#
../design/dmawr_pack.vhd                                                                 sim                    


#------------------------------------------------------------------------------------------------------------------------------------------------------------#
# dma write core
#------------------------------------------------------------------------------------------------------------------------------------------------------------#
../design/dmawr_core.vhd                                                                 sim                    
../design/dmawr_sdram_top.vhd                                                            sim                    
../design/dmawr_axi_burst.vhd                                                            sim

#------------------------------------------------------------------------------------------------------------------------------------------------------------#
# dma top
#------------------------------------------------------------------------------------------------------------------------------------------------------------#
../design/dmawr_sub4.vhd                                                                 sim                    
