#-------------------------------------------------------------------------------
# Snap file: validation
#
# This file lists information on a collection of files and directories 
# for use by various scripts. Type cosnap -snaphelp for more info.
#

#------------------------------------------------------------------------------------------------------------------------------------------------------------#
# alias definition
#------------------------------------------------------------------------------------------------------------------------------------------------------------#
alias @VALIDATION           ../validation/hdl
alias @DESIGN               ../design


#------------------------------------------------------------------------------------------------------------------------------------------------------------#
# DUT SNAP
#------------------------------------------------------------------------------------------------------------------------------------------------------------#
@DESIGN/tlp_to_axi_master.vhd                         sim
    
#------------------------------------------------------------------------------------------------------------------------------------------------------------#
# Test bench 
#------------------------------------------------------------------------------------------------------------------------------------------------------------#
@VALIDATION/if_tlp.sv                                 sim
@VALIDATION/if_axi.sv                                 sim
@VALIDATION/testbench.sv                              sim
@VALIDATION/top.sv                                    sim

